AR rec_sec_moore_1 behavioral "E:/Facultate/1.2/Proiectare Logica/Lab/rec_sec_din_mealy)/rec_sec_din_moore_1/rec_sec_moore_1.vhd" sub00/vhpl01 1558379119
EN rec_sec_moore_1 NULL "E:/Facultate/1.2/Proiectare Logica/Lab/rec_sec_din_mealy)/rec_sec_din_moore_1/rec_sec_moore_1.vhd" sub00/vhpl00 1558379118
