AR rec_sec_din_mealy_2 behavioral "E:/Facultate/1.2/Proiectare Logica/Lab/rec_sec_din_mealy)/rec_sec_din_mealy_2/rec_sec_din_mealy_2.vhd" sub00/vhpl01 1558378583
EN rec_sec_din_mealy_2 NULL "E:/Facultate/1.2/Proiectare Logica/Lab/rec_sec_din_mealy)/rec_sec_din_mealy_2/rec_sec_din_mealy_2.vhd" sub00/vhpl00 1558378582
