V3 3
FL $XILINX/num_mod_6_sinc_inv/num_mod_6_sinc_inv.vhd 2019/05/20.19:27:43 J.40
EN work/num_mod_6_sinc_inv 1558369671 \
      FL $XILINX/num_mod_6_sinc_inv/num_mod_6_sinc_inv.vhd PB ieee/std_logic_1164 1192821031 \
      PB ieee/std_logic_arith 1192821032 PB ieee/STD_LOGIC_UNSIGNED 1192821033
AR work/num_mod_6_sinc_inv/Behavioral 1558369672 \
      FL $XILINX/num_mod_6_sinc_inv/num_mod_6_sinc_inv.vhd \
      EN work/num_mod_6_sinc_inv 1558369671
