V3 3
FL $XILINX/num_mod_8_asinc/num_mod_8_asinc.vhd 2019/05/20.16:23:16 J.40
EN work/num_mod_8_asinc 1558369041 FL $XILINX/num_mod_8_asinc/num_mod_8_asinc.vhd \
      PB ieee/std_logic_1164 1192821031 PB ieee/std_logic_arith 1192821032 \
      PB ieee/STD_LOGIC_UNSIGNED 1192821033
AR work/num_mod_8_asinc/Behavioral 1558369042 \
      FL $XILINX/num_mod_8_asinc/num_mod_8_asinc.vhd EN work/num_mod_8_asinc 1558369041
