AR rec_sec_din_moore_2 behavioral "E:/Facultate/1.2/Proiectare Logica/Lab/rec_sec_din_mealy)/rec_sec_din_moore_2/rec_sec_din_moore_2.vhd" sub00/vhpl01 1558379539
EN rec_sec_din_moore_2 NULL "E:/Facultate/1.2/Proiectare Logica/Lab/rec_sec_din_mealy)/rec_sec_din_moore_2/rec_sec_din_moore_2.vhd" sub00/vhpl00 1558379538
