EN rsd_2_biti_moore NULL "E:/Facultate/1.2/Proiectare Logica/Lab/rec_sec_din_mealy)/RSD_2_biti_moore/RSD_2_biti_moore.vhd" sub00/vhpl00 1558381639
AR rsd_2_biti_moore behavioral "E:/Facultate/1.2/Proiectare Logica/Lab/rec_sec_din_mealy)/RSD_2_biti_moore/RSD_2_biti_moore.vhd" sub00/vhpl01 1558381640
